---
source: tests/test_settings.rs
---
[
    1,
    2,
    3,
]
