---
source: tests/test_settings.rs
description: The snapshot is three integers
---
[
    1,
    2,
    3,
]
