---
source: src/runtime.rs
---
[
    1,
    2,
    3,
    4,
    5,
]
